Info: Starting: Create block symbol file (.bsf)
Info: qsys-generate D:\NIH3Repo\max10_projects\CPLD_Microphone_Array\cx_system.qsys --block-symbol-file --output-directory=D:\NIH3Repo\max10_projects\CPLD_Microphone_Array\cx_system --family="MAX 10" --part=10M08SAE144C8GES
Progress: Loading CPLD_Microphone_Array/cx_system.qsys
Progress: Reading input file
Progress: Adding FE_CPLD_Microphone_Encoder_Decoder_0 [FE_CPLD_Microphone_Encoder_Decoder 1.0]
Progress: Parameterizing module FE_CPLD_Microphone_Encoder_Decoder_0
Progress: Adding altpll_0 [altpll 18.0]
Progress: Parameterizing module altpll_0
Progress: Adding clk_0 [clock_source 18.0]
Progress: Parameterizing module clk_0
Progress: Building connections
Progress: Parameterizing connections
Progress: Validating
Progress: Done reading input file
Warning: cx_system.altpll_0: altpll_0.pll_slave must be connected to an Avalon-MM master
Info: qsys-generate succeeded.
Info: Finished: Create block symbol file (.bsf)
Info: 
Info: Starting: Create HDL design files for synthesis
Info: qsys-generate D:\NIH3Repo\max10_projects\CPLD_Microphone_Array\cx_system.qsys --synthesis=VHDL --output-directory=D:\NIH3Repo\max10_projects\CPLD_Microphone_Array\cx_system\synthesis --family="MAX 10" --part=10M08SAE144C8GES
Progress: Loading CPLD_Microphone_Array/cx_system.qsys
Progress: Reading input file
Progress: Adding FE_CPLD_Microphone_Encoder_Decoder_0 [FE_CPLD_Microphone_Encoder_Decoder 1.0]
Progress: Parameterizing module FE_CPLD_Microphone_Encoder_Decoder_0
Progress: Adding altpll_0 [altpll 18.0]
Progress: Parameterizing module altpll_0
Progress: Adding clk_0 [clock_source 18.0]
Progress: Parameterizing module clk_0
Progress: Building connections
Progress: Parameterizing connections
Progress: Validating
Progress: Done reading input file
Warning: cx_system.altpll_0: altpll_0.pll_slave must be connected to an Avalon-MM master
Info: cx_system: Generating cx_system "cx_system" for QUARTUS_SYNTH
Info: FE_CPLD_Microphone_Encoder_Decoder_0: "cx_system" instantiated FE_CPLD_Microphone_Encoder_Decoder "FE_CPLD_Microphone_Encoder_Decoder_0"
Info: altpll_0: "cx_system" instantiated altpll "altpll_0"
Info: rst_controller: "cx_system" instantiated altera_reset_controller "rst_controller"
Info: cx_system: Done "cx_system" with 4 modules, 6 files
Info: qsys-generate succeeded.
Info: Finished: Create HDL design files for synthesis
